// Jest Snapshot v1, https://goo.gl/fbAQLP

exports[`to match snapshot 1`] = `
<div>
  <main
    class="App"
  >
    <h1>
      mattiaerre.github.io
    </h1>
    <p>
      Product Engineering at GitHub
    </p>
    <p>
      <textarea
        cols="85"
        rows="20"
      />
    </p>
    <footer>
      2.3.0
    </footer>
  </main>
</div>
`;
